2026-05-28 12:57:07 IST - INFO - "GET /check_task_status HTTP/1.1" 200 79
2026-05-28 12:57:07 IST - INFO - "GET /get_index_data HTTP/1.1" 200 846
2026-05-28 12:57:07 IST - INFO - "GET /get_telegram_bot_config HTTP/1.1" 200 178
2026-05-28 12:57:07 IST - INFO - "GET /get_celery_status HTTP/1.1" 200 62
2026-05-28 12:57:50 IST - INFO - "GET /get_strategy_details HTTP/1.1" 200 3995
2026-05-28 12:57:50 IST - INFO - "POST /get_auth_token HTTP/1.1" 200 76
2026-05-28 12:58:11 IST - INFO - "GET /get_strategy_details HTTP/1.1" 200 3995
2026-05-28 12:58:11 IST - INFO - "POST /get_auth_token HTTP/1.1" 200 76
2026-05-28 12:58:44 IST - INFO - "GET /get_log_details HTTP/1.1" 200 391050
2026-05-28 12:58:48 IST - INFO - "GET /get_telegram_settings HTTP/1.1" 200 81
2026-05-28 12:59:22 IST - INFO - "GET /check_task_status HTTP/1.1" 200 79
2026-05-28 12:59:22 IST - INFO - "GET /get_index_data HTTP/1.1" 200 846
2026-05-28 12:59:22 IST - INFO - "GET /get_telegram_bot_config HTTP/1.1" 200 178
2026-05-28 12:59:22 IST - INFO - "GET /get_celery_status HTTP/1.1" 200 62
2026-05-28 12:59:28 IST - INFO - "GET /get_index_data HTTP/1.1" 200 846
2026-05-28 12:59:28 IST - INFO - "GET /get_telegram_bot_config HTTP/1.1" 200 178
2026-05-28 12:59:28 IST - INFO - "GET /check_task_status HTTP/1.1" 200 79
2026-05-28 12:59:28 IST - INFO - "GET /get_celery_status HTTP/1.1" 200 62
2026-05-28 12:59:42 IST - INFO - "GET /get_log_details HTTP/1.1" 200 391050
Watching for file changes with StatReloader
Not Found: /.well-known/appspecific/com.chrome.devtools.json
2026-05-28 13:03:00 IST - WARNING - Not Found: /.well-known/appspecific/com.chrome.devtools.json
"GET /.well-known/appspecific/com.chrome.devtools.json HTTP/1.1" 404 190
2026-05-28 13:03:00 IST - WARNING - "GET /.well-known/appspecific/com.chrome.devtools.json HTTP/1.1" 404 190
Not Found: /.well-known/appspecific/com.chrome.devtools.json
2026-05-28 13:03:00 IST - WARNING - Not Found: /.well-known/appspecific/com.chrome.devtools.json
"GET /.well-known/appspecific/com.chrome.devtools.json HTTP/1.1" 404 190
2026-05-28 13:03:00 IST - WARNING - "GET /.well-known/appspecific/com.chrome.devtools.json HTTP/1.1" 404 190
"GET /dashboard HTTP/1.1" 200 5214
2026-05-28 13:03:01 IST - INFO - "GET /dashboard HTTP/1.1" 200 5214
Not Found: /.well-known/appspecific/com.chrome.devtools.json
2026-05-28 13:03:01 IST - WARNING - Not Found: /.well-known/appspecific/com.chrome.devtools.json
"GET /.well-known/appspecific/com.chrome.devtools.json HTTP/1.1" 404 190
2026-05-28 13:03:01 IST - WARNING - "GET /.well-known/appspecific/com.chrome.devtools.json HTTP/1.1" 404 190
"GET /static/js/ui/index.js HTTP/1.1" 200 154
2026-05-28 13:03:01 IST - INFO - "GET /static/js/ui/index.js HTTP/1.1" 200 154
"GET /static/js/ui/App.js HTTP/1.1" 200 28300
2026-05-28 13:03:02 IST - INFO - "GET /static/js/ui/App.js HTTP/1.1" 200 28300
"GET /static/js/ui/utils/api.js HTTP/1.1" 200 1488
2026-05-28 13:03:02 IST - INFO - "GET /static/js/ui/utils/api.js HTTP/1.1" 200 1488
"GET /static/js/ui/components/SummaryCard.js HTTP/1.1" 200 983
2026-05-28 13:03:02 IST - INFO - "GET /static/js/ui/components/SummaryCard.js HTTP/1.1" 200 983
"GET /static/js/ui/components/icons.js HTTP/1.1" 200 7279
2026-05-28 13:03:02 IST - INFO - "GET /static/js/ui/components/icons.js HTTP/1.1" 200 7279
"GET /static/js/ui/components/HunterConfigCard.js HTTP/1.1" 200 4132
2026-05-28 13:03:02 IST - INFO - "GET /static/js/ui/components/HunterConfigCard.js HTTP/1.1" 200 4132
"GET /static/js/ui/components/EditHunterConfigModal.js HTTP/1.1" 200 5524
2026-05-28 13:03:02 IST - INFO - "GET /static/js/ui/components/EditHunterConfigModal.js HTTP/1.1" 200 5524
"GET /static/js/ui/components/OrderBookTable.js HTTP/1.1" 200 5884
2026-05-28 13:03:02 IST - INFO - "GET /static/js/ui/components/OrderBookTable.js HTTP/1.1" 200 5884
"GET /static/js/ui/components/OpenOrdersTable.js HTTP/1.1" 200 3350
2026-05-28 13:03:02 IST - INFO - "GET /static/js/ui/components/OpenOrdersTable.js HTTP/1.1" 200 3350
"GET /static/js/ui/components/StrategyTable.js HTTP/1.1" 200 2227
2026-05-28 13:03:02 IST - INFO - "GET /static/js/ui/components/StrategyTable.js HTTP/1.1" 200 2227
"GET /static/js/ui/components/ScalperConfigCard.js HTTP/1.1" 200 3909
2026-05-28 13:03:02 IST - INFO - "GET /static/js/ui/components/ScalperConfigCard.js HTTP/1.1" 200 3909
"GET /static/js/ui/components/ManualOrdersPageContent.js HTTP/1.1" 200 9333
2026-05-28 13:03:02 IST - INFO - "GET /static/js/ui/components/ManualOrdersPageContent.js HTTP/1.1" 200 9333
"GET /static/js/ui/components/Toast.js HTTP/1.1" 200 1654
2026-05-28 13:03:02 IST - INFO - "GET /static/js/ui/components/Toast.js HTTP/1.1" 200 1654
"GET /static/js/ui/components/EditScalperConfigModal.js HTTP/1.1" 200 4438
2026-05-28 13:03:02 IST - INFO - "GET /static/js/ui/components/EditScalperConfigModal.js HTTP/1.1" 200 4438
"GET /static/js/ui/components/EditBrokerInfoModal.js HTTP/1.1" 200 4881
2026-05-28 13:03:02 IST - INFO - "GET /static/js/ui/components/EditBrokerInfoModal.js HTTP/1.1" 200 4881
"GET /static/js/ui/components/BrokerInfoTable.js HTTP/1.1" 200 4377
2026-05-28 13:03:02 IST - INFO - "GET /static/js/ui/components/BrokerInfoTable.js HTTP/1.1" 200 4377
"GET /static/js/ui/components/TelegramSettingsPage.js HTTP/1.1" 200 6595
2026-05-28 13:03:02 IST - INFO - "GET /static/js/ui/components/TelegramSettingsPage.js HTTP/1.1" 200 6595
"GET /static/js/ui/components/AdminConsolePage.js HTTP/1.1" 200 16904
2026-05-28 13:03:02 IST - INFO - "GET /static/js/ui/components/AdminConsolePage.js HTTP/1.1" 200 16904
"GET /static/js/ui/components/LogViewerPage.js HTTP/1.1" 200 7299
2026-05-28 13:03:02 IST - INFO - "GET /static/js/ui/components/LogViewerPage.js HTTP/1.1" 200 7299
"GET /static/js/ui/components/StrategiesPage.js HTTP/1.1" 200 26378
2026-05-28 13:03:02 IST - INFO - "GET /static/js/ui/components/StrategiesPage.js HTTP/1.1" 200 26378
"GET /get_scalper_details HTTP/1.1" 200 206
2026-05-28 13:03:02 IST - INFO - "GET /get_scalper_details HTTP/1.1" 200 206
"GET /get_broker_details HTTP/1.1" 200 367
2026-05-28 13:03:02 IST - INFO - "GET /get_broker_details HTTP/1.1" 200 367
"GET /get_config_values HTTP/1.1" 200 902
2026-05-28 13:03:02 IST - INFO - "GET /get_config_values HTTP/1.1" 200 902
"POST /get_auth_token HTTP/1.1" 200 76
2026-05-28 13:03:02 IST - INFO - "POST /get_auth_token HTTP/1.1" 200 76
"GET /get_order_book_details HTTP/1.1" 200 100027
2026-05-28 13:03:02 IST - INFO - "GET /get_order_book_details HTTP/1.1" 200 100027
"GET /get_strategy_summary HTTP/1.1" 200 869
2026-05-28 13:03:02 IST - INFO - "GET /get_strategy_summary HTTP/1.1" 200 869
"GET /manual_details HTTP/1.1" 200 4019
2026-05-28 13:03:02 IST - INFO - "GET /manual_details HTTP/1.1" 200 4019
"GET /check_admin HTTP/1.1" 200 39
2026-05-28 13:03:02 IST - INFO - "GET /check_admin HTTP/1.1" 200 39
Watching for file changes with StatReloader
Not Found: /.well-known/appspecific/com.chrome.devtools.json
2026-05-28 13:06:55 IST - WARNING - Not Found: /.well-known/appspecific/com.chrome.devtools.json
"GET /.well-known/appspecific/com.chrome.devtools.json HTTP/1.1" 404 190
2026-05-28 13:06:55 IST - WARNING - "GET /.well-known/appspecific/com.chrome.devtools.json HTTP/1.1" 404 190
Not Found: /.well-known/appspecific/com.chrome.devtools.json
2026-05-28 13:06:55 IST - WARNING - Not Found: /.well-known/appspecific/com.chrome.devtools.json
"GET /.well-known/appspecific/com.chrome.devtools.json HTTP/1.1" 404 190
2026-05-28 13:06:55 IST - WARNING - "GET /.well-known/appspecific/com.chrome.devtools.json HTTP/1.1" 404 190
"GET /dashboard HTTP/1.1" 200 5214
2026-05-28 13:06:58 IST - INFO - "GET /dashboard HTTP/1.1" 200 5214
"GET /static/js/ui/index.js HTTP/1.1" 304 0
2026-05-28 13:06:58 IST - INFO - "GET /static/js/ui/index.js HTTP/1.1" 304 0
Not Found: /.well-known/appspecific/com.chrome.devtools.json
2026-05-28 13:06:58 IST - WARNING - Not Found: /.well-known/appspecific/com.chrome.devtools.json
"GET /.well-known/appspecific/com.chrome.devtools.json HTTP/1.1" 404 190
2026-05-28 13:06:58 IST - WARNING - "GET /.well-known/appspecific/com.chrome.devtools.json HTTP/1.1" 404 190
"GET /static/js/ui/App.js HTTP/1.1" 200 28781
2026-05-28 13:06:59 IST - INFO - "GET /static/js/ui/App.js HTTP/1.1" 200 28781
"GET /static/js/ui/utils/api.js HTTP/1.1" 304 0
2026-05-28 13:06:59 IST - INFO - "GET /static/js/ui/utils/api.js HTTP/1.1" 304 0
"GET /static/js/ui/components/StrategyTable.js HTTP/1.1" 304 0
2026-05-28 13:06:59 IST - INFO - "GET /static/js/ui/components/StrategyTable.js HTTP/1.1" 304 0
"GET /static/js/ui/components/SummaryCard.js HTTP/1.1" 304 0
2026-05-28 13:06:59 IST - INFO - "GET /static/js/ui/components/SummaryCard.js HTTP/1.1" 304 0
"GET /static/js/ui/components/OrderBookTable.js HTTP/1.1" 304 0
2026-05-28 13:06:59 IST - INFO - "GET /static/js/ui/components/OrderBookTable.js HTTP/1.1" 304 0
"GET /static/js/ui/components/icons.js HTTP/1.1" 304 0
2026-05-28 13:06:59 IST - INFO - "GET /static/js/ui/components/icons.js HTTP/1.1" 304 0
"GET /static/js/ui/components/OpenOrdersTable.js HTTP/1.1" 304 0
2026-05-28 13:06:59 IST - INFO - "GET /static/js/ui/components/OpenOrdersTable.js HTTP/1.1" 304 0
"GET /static/js/ui/components/HunterConfigCard.js HTTP/1.1" 304 0
2026-05-28 13:06:59 IST - INFO - "GET /static/js/ui/components/HunterConfigCard.js HTTP/1.1" 304 0
"GET /static/js/ui/components/ManualOrdersPageContent.js HTTP/1.1" 304 0
2026-05-28 13:06:59 IST - INFO - "GET /static/js/ui/components/ManualOrdersPageContent.js HTTP/1.1" 304 0
"GET /static/js/ui/components/EditHunterConfigModal.js HTTP/1.1" 304 0
2026-05-28 13:06:59 IST - INFO - "GET /static/js/ui/components/EditHunterConfigModal.js HTTP/1.1" 304 0
"GET /static/js/ui/components/ScalperConfigCard.js HTTP/1.1" 304 0
2026-05-28 13:06:59 IST - INFO - "GET /static/js/ui/components/ScalperConfigCard.js HTTP/1.1" 304 0
"GET /static/js/ui/components/EditScalperConfigModal.js HTTP/1.1" 304 0
2026-05-28 13:06:59 IST - INFO - "GET /static/js/ui/components/EditScalperConfigModal.js HTTP/1.1" 304 0
"GET /static/js/ui/components/BrokerInfoTable.js HTTP/1.1" 304 0
2026-05-28 13:06:59 IST - INFO - "GET /static/js/ui/components/BrokerInfoTable.js HTTP/1.1" 304 0
"GET /static/js/ui/components/Toast.js HTTP/1.1" 304 0
2026-05-28 13:06:59 IST - INFO - "GET /static/js/ui/components/Toast.js HTTP/1.1" 304 0
"GET /static/js/ui/components/EditBrokerInfoModal.js HTTP/1.1" 200 4972
2026-05-28 13:06:59 IST - INFO - "GET /static/js/ui/components/EditBrokerInfoModal.js HTTP/1.1" 200 4972
"GET /static/js/ui/components/TelegramSettingsPage.js HTTP/1.1" 304 0
2026-05-28 13:06:59 IST - INFO - "GET /static/js/ui/components/TelegramSettingsPage.js HTTP/1.1" 304 0
"GET /static/js/ui/components/AdminConsolePage.js HTTP/1.1" 304 0
2026-05-28 13:06:59 IST - INFO - "GET /static/js/ui/components/AdminConsolePage.js HTTP/1.1" 304 0
"GET /static/js/ui/components/LogViewerPage.js HTTP/1.1" 304 0
2026-05-28 13:06:59 IST - INFO - "GET /static/js/ui/components/LogViewerPage.js HTTP/1.1" 304 0
"GET /static/js/ui/components/StrategiesPage.js HTTP/1.1" 304 0
2026-05-28 13:06:59 IST - INFO - "GET /static/js/ui/components/StrategiesPage.js HTTP/1.1" 304 0
"GET /get_scalper_details HTTP/1.1" 200 206
2026-05-28 13:06:59 IST - INFO - "GET /get_scalper_details HTTP/1.1" 200 206
"GET /get_config_values HTTP/1.1" 200 902
2026-05-28 13:06:59 IST - INFO - "GET /get_config_values HTTP/1.1" 200 902
"GET /get_broker_details HTTP/1.1" 200 367
2026-05-28 13:06:59 IST - INFO - "GET /get_broker_details HTTP/1.1" 200 367
"POST /get_auth_token HTTP/1.1" 200 76
2026-05-28 13:06:59 IST - INFO - "POST /get_auth_token HTTP/1.1" 200 76
"GET /get_order_book_details HTTP/1.1" 200 100027
2026-05-28 13:06:59 IST - INFO - "GET /get_order_book_details HTTP/1.1" 200 100027
"GET /manual_details HTTP/1.1" 200 4019
2026-05-28 13:06:59 IST - INFO - "GET /manual_details HTTP/1.1" 200 4019
"GET /get_strategy_summary HTTP/1.1" 200 869
2026-05-28 13:06:59 IST - INFO - "GET /get_strategy_summary HTTP/1.1" 200 869
"GET /check_admin HTTP/1.1" 200 39
2026-05-28 13:06:59 IST - INFO - "GET /check_admin HTTP/1.1" 200 39
Method Not Allowed (POST): /edit_broker_details
2026-05-28 13:07:07 IST - WARNING - Method Not Allowed (POST): /edit_broker_details
"POST /edit_broker_details HTTP/1.1" 405 0
2026-05-28 13:07:07 IST - WARNING - "POST /edit_broker_details HTTP/1.1" 405 0
Method Not Allowed (POST): /edit_broker_details
2026-05-28 13:07:17 IST - WARNING - Method Not Allowed (POST): /edit_broker_details
"POST /edit_broker_details HTTP/1.1" 405 0
2026-05-28 13:07:17 IST - WARNING - "POST /edit_broker_details HTTP/1.1" 405 0
Watching for file changes with StatReloader
Not Found: /.well-known/appspecific/com.chrome.devtools.json
2026-05-28 13:09:05 IST - WARNING - Not Found: /.well-known/appspecific/com.chrome.devtools.json
"GET /.well-known/appspecific/com.chrome.devtools.json HTTP/1.1" 404 190
2026-05-28 13:09:05 IST - WARNING - "GET /.well-known/appspecific/com.chrome.devtools.json HTTP/1.1" 404 190
"GET /dashboard HTTP/1.1" 200 5214
2026-05-28 13:09:05 IST - INFO - "GET /dashboard HTTP/1.1" 200 5214
Not Found: /.well-known/appspecific/com.chrome.devtools.json
2026-05-28 13:09:05 IST - WARNING - Not Found: /.well-known/appspecific/com.chrome.devtools.json
"GET /.well-known/appspecific/com.chrome.devtools.json HTTP/1.1" 404 190
2026-05-28 13:09:05 IST - WARNING - "GET /.well-known/appspecific/com.chrome.devtools.json HTTP/1.1" 404 190
"GET /static/js/ui/index.js HTTP/1.1" 200 154
2026-05-28 13:09:05 IST - INFO - "GET /static/js/ui/index.js HTTP/1.1" 200 154
Not Found: /.well-known/appspecific/com.chrome.devtools.json
2026-05-28 13:09:05 IST - WARNING - Not Found: /.well-known/appspecific/com.chrome.devtools.json
"GET /.well-known/appspecific/com.chrome.devtools.json HTTP/1.1" 404 190
2026-05-28 13:09:05 IST - WARNING - "GET /.well-known/appspecific/com.chrome.devtools.json HTTP/1.1" 404 190
"GET /static/js/ui/App.js HTTP/1.1" 200 28780
2026-05-28 13:09:06 IST - INFO - "GET /static/js/ui/App.js HTTP/1.1" 200 28780
"GET /static/js/ui/utils/api.js HTTP/1.1" 200 1488
2026-05-28 13:09:06 IST - INFO - "GET /static/js/ui/utils/api.js HTTP/1.1" 200 1488
"GET /static/js/ui/components/icons.js HTTP/1.1" 200 7279
2026-05-28 13:09:06 IST - INFO - "GET /static/js/ui/components/icons.js HTTP/1.1" 200 7279
"GET /static/js/ui/components/OpenOrdersTable.js HTTP/1.1" 200 3350
2026-05-28 13:09:06 IST - INFO - "GET /static/js/ui/components/OpenOrdersTable.js HTTP/1.1" 200 3350
"GET /static/js/ui/components/SummaryCard.js HTTP/1.1" 200 983
2026-05-28 13:09:06 IST - INFO - "GET /static/js/ui/components/SummaryCard.js HTTP/1.1" 200 983
"GET /static/js/ui/components/StrategyTable.js HTTP/1.1" 200 2227
2026-05-28 13:09:06 IST - INFO - "GET /static/js/ui/components/StrategyTable.js HTTP/1.1" 200 2227
"GET /static/js/ui/components/OrderBookTable.js HTTP/1.1" 200 5884
2026-05-28 13:09:06 IST - INFO - "GET /static/js/ui/components/OrderBookTable.js HTTP/1.1" 200 5884
"GET /static/js/ui/components/HunterConfigCard.js HTTP/1.1" 200 4132
2026-05-28 13:09:06 IST - INFO - "GET /static/js/ui/components/HunterConfigCard.js HTTP/1.1" 200 4132
"GET /static/js/ui/components/ScalperConfigCard.js HTTP/1.1" 200 3909
2026-05-28 13:09:06 IST - INFO - "GET /static/js/ui/components/ScalperConfigCard.js HTTP/1.1" 200 3909
"GET /static/js/ui/components/EditHunterConfigModal.js HTTP/1.1" 200 5524
2026-05-28 13:09:06 IST - INFO - "GET /static/js/ui/components/EditHunterConfigModal.js HTTP/1.1" 200 5524
"GET /static/js/ui/components/EditScalperConfigModal.js HTTP/1.1" 200 4438
2026-05-28 13:09:06 IST - INFO - "GET /static/js/ui/components/EditScalperConfigModal.js HTTP/1.1" 200 4438
"GET /static/js/ui/components/ManualOrdersPageContent.js HTTP/1.1" 200 9333
2026-05-28 13:09:06 IST - INFO - "GET /static/js/ui/components/ManualOrdersPageContent.js HTTP/1.1" 200 9333
"GET /static/js/ui/components/BrokerInfoTable.js HTTP/1.1" 200 4377
2026-05-28 13:09:06 IST - INFO - "GET /static/js/ui/components/BrokerInfoTable.js HTTP/1.1" 200 4377
"GET /static/js/ui/components/Toast.js HTTP/1.1" 200 1654
2026-05-28 13:09:06 IST - INFO - "GET /static/js/ui/components/Toast.js HTTP/1.1" 200 1654
"GET /static/js/ui/components/LogViewerPage.js HTTP/1.1" 200 7299
2026-05-28 13:09:06 IST - INFO - "GET /static/js/ui/components/LogViewerPage.js HTTP/1.1" 200 7299
"GET /static/js/ui/components/EditBrokerInfoModal.js HTTP/1.1" 200 4972
"GET /static/js/ui/components/TelegramSettingsPage.js HTTP/1.1" 200 6595
2026-05-28 13:09:06 IST - INFO - "GET /static/js/ui/components/EditBrokerInfoModal.js HTTP/1.1" 200 4972
2026-05-28 13:09:06 IST - INFO - "GET /static/js/ui/components/TelegramSettingsPage.js HTTP/1.1" 200 6595
"GET /static/js/ui/components/AdminConsolePage.js HTTP/1.1" 200 16904
2026-05-28 13:09:06 IST - INFO - "GET /static/js/ui/components/AdminConsolePage.js HTTP/1.1" 200 16904
"GET /static/js/ui/components/StrategiesPage.js HTTP/1.1" 200 26378
2026-05-28 13:09:06 IST - INFO - "GET /static/js/ui/components/StrategiesPage.js HTTP/1.1" 200 26378
"GET /get_scalper_details HTTP/1.1" 200 206
2026-05-28 13:09:06 IST - INFO - "GET /get_scalper_details HTTP/1.1" 200 206
"POST /get_auth_token HTTP/1.1" 200 76
2026-05-28 13:09:06 IST - INFO - "POST /get_auth_token HTTP/1.1" 200 76
"GET /get_order_book_details HTTP/1.1" 200 100027
2026-05-28 13:09:06 IST - INFO - "GET /get_order_book_details HTTP/1.1" 200 100027
"GET /get_config_values HTTP/1.1" 200 902
2026-05-28 13:09:06 IST - INFO - "GET /get_config_values HTTP/1.1" 200 902
"GET /get_strategy_summary HTTP/1.1" 200 869
2026-05-28 13:09:06 IST - INFO - "GET /get_strategy_summary HTTP/1.1" 200 869
"GET /get_broker_details HTTP/1.1" 200 367
2026-05-28 13:09:06 IST - INFO - "GET /get_broker_details HTTP/1.1" 200 367
"GET /manual_details HTTP/1.1" 200 4019
2026-05-28 13:09:06 IST - INFO - "GET /manual_details HTTP/1.1" 200 4019
"GET /check_admin HTTP/1.1" 200 39
2026-05-28 13:09:06 IST - INFO - "GET /check_admin HTTP/1.1" 200 39
"PUT /edit_broker_details HTTP/1.1" 200 58
2026-05-28 13:09:14 IST - INFO - "PUT /edit_broker_details HTTP/1.1" 200 58
"PUT /edit_broker_details HTTP/1.1" 200 58
2026-05-28 13:09:24 IST - INFO - "PUT /edit_broker_details HTTP/1.1" 200 58
"GET /dashboard HTTP/1.1" 200 5214
2026-05-28 13:09:29 IST - INFO - "GET /dashboard HTTP/1.1" 200 5214
"GET /static/js/ui/index.js HTTP/1.1" 200 154
2026-05-28 13:09:29 IST - INFO - "GET /static/js/ui/index.js HTTP/1.1" 200 154
Not Found: /.well-known/appspecific/com.chrome.devtools.json
2026-05-28 13:09:29 IST - WARNING - Not Found: /.well-known/appspecific/com.chrome.devtools.json
"GET /.well-known/appspecific/com.chrome.devtools.json HTTP/1.1" 404 190
2026-05-28 13:09:29 IST - WARNING - "GET /.well-known/appspecific/com.chrome.devtools.json HTTP/1.1" 404 190
"GET /static/js/ui/App.js HTTP/1.1" 200 28780
2026-05-28 13:09:29 IST - INFO - "GET /static/js/ui/App.js HTTP/1.1" 200 28780
"GET /static/js/ui/components/icons.js HTTP/1.1" 200 7279
2026-05-28 13:09:29 IST - INFO - "GET /static/js/ui/components/icons.js HTTP/1.1" 200 7279
"GET /static/js/ui/components/StrategyTable.js HTTP/1.1" 200 2227
2026-05-28 13:09:29 IST - INFO - "GET /static/js/ui/components/StrategyTable.js HTTP/1.1" 200 2227
"GET /static/js/ui/utils/api.js HTTP/1.1" 200 1488
2026-05-28 13:09:29 IST - INFO - "GET /static/js/ui/utils/api.js HTTP/1.1" 200 1488
"GET /static/js/ui/components/OrderBookTable.js HTTP/1.1" 200 5884
2026-05-28 13:09:29 IST - INFO - "GET /static/js/ui/components/OrderBookTable.js HTTP/1.1" 200 5884
"GET /static/js/ui/components/SummaryCard.js HTTP/1.1" 200 983
2026-05-28 13:09:29 IST - INFO - "GET /static/js/ui/components/SummaryCard.js HTTP/1.1" 200 983
"GET /static/js/ui/components/OpenOrdersTable.js HTTP/1.1" 200 3350
2026-05-28 13:09:29 IST - INFO - "GET /static/js/ui/components/OpenOrdersTable.js HTTP/1.1" 200 3350
"GET /static/js/ui/components/ScalperConfigCard.js HTTP/1.1" 200 3909
2026-05-28 13:09:29 IST - INFO - "GET /static/js/ui/components/ScalperConfigCard.js HTTP/1.1" 200 3909
"GET /static/js/ui/components/HunterConfigCard.js HTTP/1.1" 200 4132
2026-05-28 13:09:29 IST - INFO - "GET /static/js/ui/components/HunterConfigCard.js HTTP/1.1" 200 4132
"GET /static/js/ui/components/EditScalperConfigModal.js HTTP/1.1" 200 4438
2026-05-28 13:09:29 IST - INFO - "GET /static/js/ui/components/EditScalperConfigModal.js HTTP/1.1" 200 4438
"GET /static/js/ui/components/EditHunterConfigModal.js HTTP/1.1" 200 5524
2026-05-28 13:09:29 IST - INFO - "GET /static/js/ui/components/EditHunterConfigModal.js HTTP/1.1" 200 5524
"GET /static/js/ui/components/ManualOrdersPageContent.js HTTP/1.1" 200 9333
2026-05-28 13:09:29 IST - INFO - "GET /static/js/ui/components/ManualOrdersPageContent.js HTTP/1.1" 200 9333
"GET /static/js/ui/components/BrokerInfoTable.js HTTP/1.1" 200 4377
2026-05-28 13:09:29 IST - INFO - "GET /static/js/ui/components/BrokerInfoTable.js HTTP/1.1" 200 4377
"GET /static/js/ui/components/EditBrokerInfoModal.js HTTP/1.1" 200 4972
2026-05-28 13:09:29 IST - INFO - "GET /static/js/ui/components/EditBrokerInfoModal.js HTTP/1.1" 200 4972
"GET /static/js/ui/components/TelegramSettingsPage.js HTTP/1.1" 200 6595
2026-05-28 13:09:29 IST - INFO - "GET /static/js/ui/components/TelegramSettingsPage.js HTTP/1.1" 200 6595
"GET /static/js/ui/components/Toast.js HTTP/1.1" 200 1654
2026-05-28 13:09:29 IST - INFO - "GET /static/js/ui/components/Toast.js HTTP/1.1" 200 1654
"GET /static/js/ui/components/LogViewerPage.js HTTP/1.1" 200 7299
2026-05-28 13:09:29 IST - INFO - "GET /static/js/ui/components/LogViewerPage.js HTTP/1.1" 200 7299
"GET /static/js/ui/components/AdminConsolePage.js HTTP/1.1" 200 16904
2026-05-28 13:09:29 IST - INFO - "GET /static/js/ui/components/AdminConsolePage.js HTTP/1.1" 200 16904
"GET /static/js/ui/components/StrategiesPage.js HTTP/1.1" 200 26378
2026-05-28 13:09:29 IST - INFO - "GET /static/js/ui/components/StrategiesPage.js HTTP/1.1" 200 26378
"GET /get_broker_details HTTP/1.1" 200 366
2026-05-28 13:09:30 IST - INFO - "GET /get_broker_details HTTP/1.1" 200 366
"GET /get_config_values HTTP/1.1" 200 902
2026-05-28 13:09:30 IST - INFO - "GET /get_config_values HTTP/1.1" 200 902
"POST /get_auth_token HTTP/1.1" 200 76
2026-05-28 13:09:30 IST - INFO - "POST /get_auth_token HTTP/1.1" 200 76
"GET /get_order_book_details HTTP/1.1" 200 100027
2026-05-28 13:09:30 IST - INFO - "GET /get_order_book_details HTTP/1.1" 200 100027
"GET /get_scalper_details HTTP/1.1" 200 206
2026-05-28 13:09:30 IST - INFO - "GET /get_scalper_details HTTP/1.1" 200 206
"GET /get_strategy_summary HTTP/1.1" 200 869
2026-05-28 13:09:30 IST - INFO - "GET /get_strategy_summary HTTP/1.1" 200 869
"GET /check_admin HTTP/1.1" 200 39
2026-05-28 13:09:30 IST - INFO - "GET /check_admin HTTP/1.1" 200 39
"GET /manual_details HTTP/1.1" 200 4019
2026-05-28 13:09:30 IST - INFO - "GET /manual_details HTTP/1.1" 200 4019
"PUT /edit_broker_details HTTP/1.1" 200 58
2026-05-28 13:09:45 IST - INFO - "PUT /edit_broker_details HTTP/1.1" 200 58
Watching for file changes with StatReloader
"GET /dashboard HTTP/1.1" 200 5214
2026-05-28 13:11:36 IST - INFO - "GET /dashboard HTTP/1.1" 200 5214
"GET /static/js/ui/index.js HTTP/1.1" 200 154
2026-05-28 13:11:36 IST - INFO - "GET /static/js/ui/index.js HTTP/1.1" 200 154
Not Found: /.well-known/appspecific/com.chrome.devtools.json
2026-05-28 13:11:36 IST - WARNING - Not Found: /.well-known/appspecific/com.chrome.devtools.json
"GET /.well-known/appspecific/com.chrome.devtools.json HTTP/1.1" 404 190
2026-05-28 13:11:36 IST - WARNING - "GET /.well-known/appspecific/com.chrome.devtools.json HTTP/1.1" 404 190
"GET /static/js/ui/App.js HTTP/1.1" 200 28761
2026-05-28 13:11:36 IST - INFO - "GET /static/js/ui/App.js HTTP/1.1" 200 28761
"GET /static/js/ui/components/icons.js HTTP/1.1" 200 7279
2026-05-28 13:11:36 IST - INFO - "GET /static/js/ui/components/icons.js HTTP/1.1" 200 7279
"GET /static/js/ui/utils/api.js HTTP/1.1" 200 1488
2026-05-28 13:11:36 IST - INFO - "GET /static/js/ui/utils/api.js HTTP/1.1" 200 1488
"GET /static/js/ui/components/SummaryCard.js HTTP/1.1" 200 983
2026-05-28 13:11:36 IST - INFO - "GET /static/js/ui/components/SummaryCard.js HTTP/1.1" 200 983
"GET /static/js/ui/components/StrategyTable.js HTTP/1.1" 200 2227
2026-05-28 13:11:37 IST - INFO - "GET /static/js/ui/components/StrategyTable.js HTTP/1.1" 200 2227
"GET /static/js/ui/components/HunterConfigCard.js HTTP/1.1" 200 4132
2026-05-28 13:11:37 IST - INFO - "GET /static/js/ui/components/HunterConfigCard.js HTTP/1.1" 200 4132
"GET /static/js/ui/components/OrderBookTable.js HTTP/1.1" 200 5884
2026-05-28 13:11:37 IST - INFO - "GET /static/js/ui/components/OrderBookTable.js HTTP/1.1" 200 5884
"GET /static/js/ui/components/ManualOrdersPageContent.js HTTP/1.1" 200 9333
2026-05-28 13:11:37 IST - INFO - "GET /static/js/ui/components/ManualOrdersPageContent.js HTTP/1.1" 200 9333
"GET /static/js/ui/components/ScalperConfigCard.js HTTP/1.1" 200 3909
2026-05-28 13:11:37 IST - INFO - "GET /static/js/ui/components/ScalperConfigCard.js HTTP/1.1" 200 3909
"GET /static/js/ui/components/OpenOrdersTable.js HTTP/1.1" 200 3350
2026-05-28 13:11:37 IST - INFO - "GET /static/js/ui/components/OpenOrdersTable.js HTTP/1.1" 200 3350
"GET /static/js/ui/components/BrokerInfoTable.js HTTP/1.1" 200 4377
2026-05-28 13:11:37 IST - INFO - "GET /static/js/ui/components/BrokerInfoTable.js HTTP/1.1" 200 4377
"GET /static/js/ui/components/EditHunterConfigModal.js HTTP/1.1" 200 5524
2026-05-28 13:11:37 IST - INFO - "GET /static/js/ui/components/EditHunterConfigModal.js HTTP/1.1" 200 5524
"GET /static/js/ui/components/EditScalperConfigModal.js HTTP/1.1" 200 4438
2026-05-28 13:11:37 IST - INFO - "GET /static/js/ui/components/EditScalperConfigModal.js HTTP/1.1" 200 4438
"GET /static/js/ui/components/EditBrokerInfoModal.js HTTP/1.1" 200 4972
2026-05-28 13:11:37 IST - INFO - "GET /static/js/ui/components/EditBrokerInfoModal.js HTTP/1.1" 200 4972
"GET /static/js/ui/components/TelegramSettingsPage.js HTTP/1.1" 200 6595
2026-05-28 13:11:37 IST - INFO - "GET /static/js/ui/components/TelegramSettingsPage.js HTTP/1.1" 200 6595
"GET /static/js/ui/components/Toast.js HTTP/1.1" 200 1654
2026-05-28 13:11:37 IST - INFO - "GET /static/js/ui/components/Toast.js HTTP/1.1" 200 1654
"GET /static/js/ui/components/AdminConsolePage.js HTTP/1.1" 200 16904
2026-05-28 13:11:37 IST - INFO - "GET /static/js/ui/components/AdminConsolePage.js HTTP/1.1" 200 16904
"GET /static/js/ui/components/StrategiesPage.js HTTP/1.1" 200 26378
2026-05-28 13:11:37 IST - INFO - "GET /static/js/ui/components/StrategiesPage.js HTTP/1.1" 200 26378
"GET /static/js/ui/components/LogViewerPage.js HTTP/1.1" 200 7299
2026-05-28 13:11:37 IST - INFO - "GET /static/js/ui/components/LogViewerPage.js HTTP/1.1" 200 7299
"GET /manual_details HTTP/1.1" 200 4019
2026-05-28 13:11:37 IST - INFO - "GET /manual_details HTTP/1.1" 200 4019
"GET /get_config_values HTTP/1.1" 200 902
2026-05-28 13:11:37 IST - INFO - "GET /get_config_values HTTP/1.1" 200 902
"GET /get_scalper_details HTTP/1.1" 200 206
2026-05-28 13:11:37 IST - INFO - "GET /get_scalper_details HTTP/1.1" 200 206
"GET /get_order_book_details HTTP/1.1" 200 100027
2026-05-28 13:11:37 IST - INFO - "GET /get_order_book_details HTTP/1.1" 200 100027
"GET /get_broker_details HTTP/1.1" 200 368
2026-05-28 13:11:37 IST - INFO - "GET /get_broker_details HTTP/1.1" 200 368
"GET /check_admin HTTP/1.1" 200 39
2026-05-28 13:11:37 IST - INFO - "GET /check_admin HTTP/1.1" 200 39
"GET /get_strategy_summary HTTP/1.1" 200 869
2026-05-28 13:11:37 IST - INFO - "GET /get_strategy_summary HTTP/1.1" 200 869
"POST /get_auth_token HTTP/1.1" 200 76
2026-05-28 13:11:37 IST - INFO - "POST /get_auth_token HTTP/1.1" 200 76
"PUT /edit_broker_details HTTP/1.1" 200 58
2026-05-28 13:11:48 IST - INFO - "PUT /edit_broker_details HTTP/1.1" 200 58
"GET /dashboard HTTP/1.1" 200 5214
2026-05-28 13:12:04 IST - INFO - "GET /dashboard HTTP/1.1" 200 5214
"GET /static/js/ui/index.js HTTP/1.1" 200 154
2026-05-28 13:12:04 IST - INFO - "GET /static/js/ui/index.js HTTP/1.1" 200 154
Not Found: /.well-known/appspecific/com.chrome.devtools.json
2026-05-28 13:12:04 IST - WARNING - Not Found: /.well-known/appspecific/com.chrome.devtools.json
"GET /.well-known/appspecific/com.chrome.devtools.json HTTP/1.1" 404 190
2026-05-28 13:12:04 IST - WARNING - "GET /.well-known/appspecific/com.chrome.devtools.json HTTP/1.1" 404 190
"GET /static/js/ui/App.js HTTP/1.1" 200 28761
2026-05-28 13:12:05 IST - INFO - "GET /static/js/ui/App.js HTTP/1.1" 200 28761
"GET /static/js/ui/utils/api.js HTTP/1.1" 200 1488
2026-05-28 13:12:05 IST - INFO - "GET /static/js/ui/utils/api.js HTTP/1.1" 200 1488
"GET /static/js/ui/components/icons.js HTTP/1.1" 200 7279
2026-05-28 13:12:05 IST - INFO - "GET /static/js/ui/components/icons.js HTTP/1.1" 200 7279
"GET /static/js/ui/components/SummaryCard.js HTTP/1.1" 200 983
2026-05-28 13:12:05 IST - INFO - "GET /static/js/ui/components/SummaryCard.js HTTP/1.1" 200 983
"GET /static/js/ui/components/StrategyTable.js HTTP/1.1" 200 2227
2026-05-28 13:12:05 IST - INFO - "GET /static/js/ui/components/StrategyTable.js HTTP/1.1" 200 2227
"GET /static/js/ui/components/OpenOrdersTable.js HTTP/1.1" 200 3350
2026-05-28 13:12:05 IST - INFO - "GET /static/js/ui/components/OpenOrdersTable.js HTTP/1.1" 200 3350
"GET /static/js/ui/components/EditHunterConfigModal.js HTTP/1.1" 200 5524
2026-05-28 13:12:05 IST - INFO - "GET /static/js/ui/components/EditHunterConfigModal.js HTTP/1.1" 200 5524
"GET /static/js/ui/components/OrderBookTable.js HTTP/1.1" 200 5884
2026-05-28 13:12:05 IST - INFO - "GET /static/js/ui/components/OrderBookTable.js HTTP/1.1" 200 5884
"GET /static/js/ui/components/HunterConfigCard.js HTTP/1.1" 200 4132
2026-05-28 13:12:05 IST - INFO - "GET /static/js/ui/components/HunterConfigCard.js HTTP/1.1" 200 4132
"GET /static/js/ui/components/ManualOrdersPageContent.js HTTP/1.1" 200 9333
2026-05-28 13:12:05 IST - INFO - "GET /static/js/ui/components/ManualOrdersPageContent.js HTTP/1.1" 200 9333
"GET /static/js/ui/components/ScalperConfigCard.js HTTP/1.1" 200 3909
2026-05-28 13:12:05 IST - INFO - "GET /static/js/ui/components/ScalperConfigCard.js HTTP/1.1" 200 3909
"GET /static/js/ui/components/EditScalperConfigModal.js HTTP/1.1" 200 4438
2026-05-28 13:12:05 IST - INFO - "GET /static/js/ui/components/EditScalperConfigModal.js HTTP/1.1" 200 4438
"GET /static/js/ui/components/BrokerInfoTable.js HTTP/1.1" 200 4377
2026-05-28 13:12:05 IST - INFO - "GET /static/js/ui/components/BrokerInfoTable.js HTTP/1.1" 200 4377
"GET /static/js/ui/components/EditBrokerInfoModal.js HTTP/1.1" 200 4972
2026-05-28 13:12:05 IST - INFO - "GET /static/js/ui/components/EditBrokerInfoModal.js HTTP/1.1" 200 4972
"GET /static/js/ui/components/Toast.js HTTP/1.1" 200 1654
2026-05-28 13:12:05 IST - INFO - "GET /static/js/ui/components/Toast.js HTTP/1.1" 200 1654
"GET /static/js/ui/components/TelegramSettingsPage.js HTTP/1.1" 200 6595
2026-05-28 13:12:05 IST - INFO - "GET /static/js/ui/components/TelegramSettingsPage.js HTTP/1.1" 200 6595
"GET /static/js/ui/components/LogViewerPage.js HTTP/1.1" 200 7299
2026-05-28 13:12:05 IST - INFO - "GET /static/js/ui/components/LogViewerPage.js HTTP/1.1" 200 7299
"GET /static/js/ui/components/AdminConsolePage.js HTTP/1.1" 200 16904
2026-05-28 13:12:05 IST - INFO - "GET /static/js/ui/components/AdminConsolePage.js HTTP/1.1" 200 16904
"GET /static/js/ui/components/StrategiesPage.js HTTP/1.1" 200 26378
2026-05-28 13:12:05 IST - INFO - "GET /static/js/ui/components/StrategiesPage.js HTTP/1.1" 200 26378
"GET /get_broker_details HTTP/1.1" 200 366
2026-05-28 13:12:05 IST - INFO - "GET /get_broker_details HTTP/1.1" 200 366
"GET /get_order_book_details HTTP/1.1" 200 100027
2026-05-28 13:12:05 IST - INFO - "GET /get_order_book_details HTTP/1.1" 200 100027
"GET /get_scalper_details HTTP/1.1" 200 206
2026-05-28 13:12:05 IST - INFO - "GET /get_scalper_details HTTP/1.1" 200 206
"GET /get_strategy_summary HTTP/1.1" 200 869
2026-05-28 13:12:05 IST - INFO - "GET /get_strategy_summary HTTP/1.1" 200 869
"GET /manual_details HTTP/1.1" 200 4019
2026-05-28 13:12:05 IST - INFO - "GET /manual_details HTTP/1.1" 200 4019
"GET /get_config_values HTTP/1.1" 200 902
2026-05-28 13:12:05 IST - INFO - "GET /get_config_values HTTP/1.1" 200 902
"GET /check_admin HTTP/1.1" 200 39
2026-05-28 13:12:05 IST - INFO - "GET /check_admin HTTP/1.1" 200 39
"POST /get_auth_token HTTP/1.1" 200 76
2026-05-28 13:12:05 IST - INFO - "POST /get_auth_token HTTP/1.1" 200 76
"PUT /edit_broker_details HTTP/1.1" 200 58
2026-05-28 13:12:14 IST - INFO - "PUT /edit_broker_details HTTP/1.1" 200 58
"PUT /edit_broker_details HTTP/1.1" 200 58
2026-05-28 13:12:50 IST - INFO - "PUT /edit_broker_details HTTP/1.1" 200 58
"PUT /edit_broker_details HTTP/1.1" 200 58
2026-05-28 13:12:57 IST - INFO - "PUT /edit_broker_details HTTP/1.1" 200 58
Watching for file changes with StatReloader
Not Found: /.well-known/appspecific/com.chrome.devtools.json
2026-05-28 13:14:41 IST - WARNING - Not Found: /.well-known/appspecific/com.chrome.devtools.json
"GET /.well-known/appspecific/com.chrome.devtools.json HTTP/1.1" 404 190
2026-05-28 13:14:41 IST - WARNING - "GET /.well-known/appspecific/com.chrome.devtools.json HTTP/1.1" 404 190
Not Found: /.well-known/appspecific/com.chrome.devtools.json
2026-05-28 13:14:41 IST - WARNING - Not Found: /.well-known/appspecific/com.chrome.devtools.json
"GET /.well-known/appspecific/com.chrome.devtools.json HTTP/1.1" 404 190
2026-05-28 13:14:41 IST - WARNING - "GET /.well-known/appspecific/com.chrome.devtools.json HTTP/1.1" 404 190
"GET /dashboard HTTP/1.1" 200 5214
2026-05-28 13:14:41 IST - INFO - "GET /dashboard HTTP/1.1" 200 5214
Not Found: /.well-known/appspecific/com.chrome.devtools.json
2026-05-28 13:14:41 IST - WARNING - Not Found: /.well-known/appspecific/com.chrome.devtools.json
"GET /static/js/ui/index.js HTTP/1.1" 200 154
2026-05-28 13:14:41 IST - INFO - "GET /static/js/ui/index.js HTTP/1.1" 200 154
"GET /.well-known/appspecific/com.chrome.devtools.json HTTP/1.1" 404 190
2026-05-28 13:14:41 IST - WARNING - "GET /.well-known/appspecific/com.chrome.devtools.json HTTP/1.1" 404 190
"GET /static/js/ui/App.js HTTP/1.1" 200 28652
2026-05-28 13:14:42 IST - INFO - "GET /static/js/ui/App.js HTTP/1.1" 200 28652
"GET /static/js/ui/components/icons.js HTTP/1.1" 200 7279
2026-05-28 13:14:42 IST - INFO - "GET /static/js/ui/components/icons.js HTTP/1.1" 200 7279
"GET /static/js/ui/components/SummaryCard.js HTTP/1.1" 200 983
2026-05-28 13:14:42 IST - INFO - "GET /static/js/ui/components/SummaryCard.js HTTP/1.1" 200 983
"GET /static/js/ui/components/HunterConfigCard.js HTTP/1.1" 200 4132
2026-05-28 13:14:42 IST - INFO - "GET /static/js/ui/components/HunterConfigCard.js HTTP/1.1" 200 4132
"GET /static/js/ui/utils/api.js HTTP/1.1" 200 1488
2026-05-28 13:14:42 IST - INFO - "GET /static/js/ui/utils/api.js HTTP/1.1" 200 1488
"GET /static/js/ui/components/StrategyTable.js HTTP/1.1" 200 2227
2026-05-28 13:14:42 IST - INFO - "GET /static/js/ui/components/StrategyTable.js HTTP/1.1" 200 2227
"GET /static/js/ui/components/OpenOrdersTable.js HTTP/1.1" 200 3350
2026-05-28 13:14:42 IST - INFO - "GET /static/js/ui/components/OpenOrdersTable.js HTTP/1.1" 200 3350
"GET /static/js/ui/components/OrderBookTable.js HTTP/1.1" 200 5884
2026-05-28 13:14:42 IST - INFO - "GET /static/js/ui/components/OrderBookTable.js HTTP/1.1" 200 5884
"GET /static/js/ui/components/ManualOrdersPageContent.js HTTP/1.1" 200 9333
2026-05-28 13:14:42 IST - INFO - "GET /static/js/ui/components/ManualOrdersPageContent.js HTTP/1.1" 200 9333
"GET /static/js/ui/components/ScalperConfigCard.js HTTP/1.1" 200 3909
2026-05-28 13:14:42 IST - INFO - "GET /static/js/ui/components/ScalperConfigCard.js HTTP/1.1" 200 3909
"GET /static/js/ui/components/EditHunterConfigModal.js HTTP/1.1" 200 5524
2026-05-28 13:14:42 IST - INFO - "GET /static/js/ui/components/EditHunterConfigModal.js HTTP/1.1" 200 5524
"GET /static/js/ui/components/EditScalperConfigModal.js HTTP/1.1" 200 4438
2026-05-28 13:14:42 IST - INFO - "GET /static/js/ui/components/EditScalperConfigModal.js HTTP/1.1" 200 4438
"GET /static/js/ui/components/BrokerInfoTable.js HTTP/1.1" 200 4377
2026-05-28 13:14:42 IST - INFO - "GET /static/js/ui/components/BrokerInfoTable.js HTTP/1.1" 200 4377
"GET /static/js/ui/components/EditBrokerInfoModal.js HTTP/1.1" 200 4972
2026-05-28 13:14:42 IST - INFO - "GET /static/js/ui/components/EditBrokerInfoModal.js HTTP/1.1" 200 4972
"GET /static/js/ui/components/TelegramSettingsPage.js HTTP/1.1" 200 6595
2026-05-28 13:14:42 IST - INFO - "GET /static/js/ui/components/TelegramSettingsPage.js HTTP/1.1" 200 6595
"GET /static/js/ui/components/Toast.js HTTP/1.1" 200 1654
2026-05-28 13:14:42 IST - INFO - "GET /static/js/ui/components/Toast.js HTTP/1.1" 200 1654
"GET /static/js/ui/components/AdminConsolePage.js HTTP/1.1" 200 16904
2026-05-28 13:14:42 IST - INFO - "GET /static/js/ui/components/AdminConsolePage.js HTTP/1.1" 200 16904
"GET /static/js/ui/components/LogViewerPage.js HTTP/1.1" 200 7299
2026-05-28 13:14:42 IST - INFO - "GET /static/js/ui/components/LogViewerPage.js HTTP/1.1" 200 7299
"GET /static/js/ui/components/StrategiesPage.js HTTP/1.1" 200 26378
2026-05-28 13:14:42 IST - INFO - "GET /static/js/ui/components/StrategiesPage.js HTTP/1.1" 200 26378
"GET /get_order_book_details HTTP/1.1" 200 100027
2026-05-28 13:14:42 IST - INFO - "GET /get_order_book_details HTTP/1.1" 200 100027
"GET /get_config_values HTTP/1.1" 200 902
2026-05-28 13:14:42 IST - INFO - "GET /get_config_values HTTP/1.1" 200 902
"GET /get_scalper_details HTTP/1.1" 200 206
2026-05-28 13:14:42 IST - INFO - "GET /get_scalper_details HTTP/1.1" 200 206
"POST /get_auth_token HTTP/1.1" 200 76
2026-05-28 13:14:42 IST - INFO - "POST /get_auth_token HTTP/1.1" 200 76
"GET /get_broker_details HTTP/1.1" 200 367
2026-05-28 13:14:42 IST - INFO - "GET /get_broker_details HTTP/1.1" 200 367
"GET /get_strategy_summary HTTP/1.1" 200 869
2026-05-28 13:14:42 IST - INFO - "GET /get_strategy_summary HTTP/1.1" 200 869
"GET /manual_details HTTP/1.1" 200 4019
2026-05-28 13:14:42 IST - INFO - "GET /manual_details HTTP/1.1" 200 4019
"GET /check_admin HTTP/1.1" 200 39
2026-05-28 13:14:42 IST - INFO - "GET /check_admin HTTP/1.1" 200 39
"PUT /edit_broker_details HTTP/1.1" 200 58
2026-05-28 13:14:50 IST - INFO - "PUT /edit_broker_details HTTP/1.1" 200 58
"GET /get_broker_details HTTP/1.1" 200 367
2026-05-28 13:14:50 IST - INFO - "GET /get_broker_details HTTP/1.1" 200 367
"GET /get_log_details HTTP/1.1" 200 391050
2026-05-28 13:14:57 IST - INFO - "GET /get_log_details HTTP/1.1" 200 391050
/home/madara/Documents/plutusAI_Informer/plutusAI/views.py changed, reloading.
2026-05-28 13:17:13 IST - INFO - /home/madara/Documents/plutusAI_Informer/plutusAI/views.py changed, reloading.
Watching for file changes with StatReloader
Watching for file changes with StatReloader
"GET /dashboard HTTP/1.1" 200 5214
2026-05-28 13:19:57 IST - INFO - "GET /dashboard HTTP/1.1" 200 5214
Not Found: /.well-known/appspecific/com.chrome.devtools.json
2026-05-28 13:19:57 IST - WARNING - Not Found: /.well-known/appspecific/com.chrome.devtools.json
"GET /.well-known/appspecific/com.chrome.devtools.json HTTP/1.1" 404 190
2026-05-28 13:19:57 IST - WARNING - "GET /.well-known/appspecific/com.chrome.devtools.json HTTP/1.1" 404 190
"GET /static/js/ui/index.js HTTP/1.1" 200 154
2026-05-28 13:19:57 IST - INFO - "GET /static/js/ui/index.js HTTP/1.1" 200 154
"GET /static/js/ui/App.js HTTP/1.1" 200 28652
2026-05-28 13:19:58 IST - INFO - "GET /static/js/ui/App.js HTTP/1.1" 200 28652
"GET /static/js/ui/components/icons.js HTTP/1.1" 200 7279
2026-05-28 13:19:58 IST - INFO - "GET /static/js/ui/components/icons.js HTTP/1.1" 200 7279
"GET /static/js/ui/components/SummaryCard.js HTTP/1.1" 200 983
"GET /static/js/ui/utils/api.js HTTP/1.1" 200 1488
"GET /static/js/ui/components/OpenOrdersTable.js HTTP/1.1" 200 3350
2026-05-28 13:19:58 IST - INFO - "GET /static/js/ui/components/SummaryCard.js HTTP/1.1" 200 983
"GET /static/js/ui/components/StrategyTable.js HTTP/1.1" 200 2227
2026-05-28 13:19:58 IST - INFO - "GET /static/js/ui/components/StrategyTable.js HTTP/1.1" 200 2227
2026-05-28 13:19:58 IST - INFO - "GET /static/js/ui/components/OpenOrdersTable.js HTTP/1.1" 200 3350
2026-05-28 13:19:58 IST - INFO - "GET /static/js/ui/utils/api.js HTTP/1.1" 200 1488
"GET /static/js/ui/components/OrderBookTable.js HTTP/1.1" 200 5884
2026-05-28 13:19:58 IST - INFO - "GET /static/js/ui/components/OrderBookTable.js HTTP/1.1" 200 5884
"GET /static/js/ui/components/ScalperConfigCard.js HTTP/1.1" 200 3909
2026-05-28 13:19:58 IST - INFO - "GET /static/js/ui/components/ScalperConfigCard.js HTTP/1.1" 200 3909
"GET /static/js/ui/components/ManualOrdersPageContent.js HTTP/1.1" 200 9333
2026-05-28 13:19:58 IST - INFO - "GET /static/js/ui/components/ManualOrdersPageContent.js HTTP/1.1" 200 9333
"GET /static/js/ui/components/EditHunterConfigModal.js HTTP/1.1" 200 5524
2026-05-28 13:19:58 IST - INFO - "GET /static/js/ui/components/EditHunterConfigModal.js HTTP/1.1" 200 5524
"GET /static/js/ui/components/HunterConfigCard.js HTTP/1.1" 200 4132
2026-05-28 13:19:58 IST - INFO - "GET /static/js/ui/components/HunterConfigCard.js HTTP/1.1" 200 4132
"GET /static/js/ui/components/EditScalperConfigModal.js HTTP/1.1" 200 4438
2026-05-28 13:19:58 IST - INFO - "GET /static/js/ui/components/EditScalperConfigModal.js HTTP/1.1" 200 4438
"GET /static/js/ui/components/BrokerInfoTable.js HTTP/1.1" 200 4377
2026-05-28 13:19:58 IST - INFO - "GET /static/js/ui/components/BrokerInfoTable.js HTTP/1.1" 200 4377
"GET /static/js/ui/components/TelegramSettingsPage.js HTTP/1.1" 200 6595
2026-05-28 13:19:58 IST - INFO - "GET /static/js/ui/components/TelegramSettingsPage.js HTTP/1.1" 200 6595
"GET /static/js/ui/components/EditBrokerInfoModal.js HTTP/1.1" 200 4972
2026-05-28 13:19:58 IST - INFO - "GET /static/js/ui/components/EditBrokerInfoModal.js HTTP/1.1" 200 4972
"GET /static/js/ui/components/Toast.js HTTP/1.1" 200 1654
2026-05-28 13:19:58 IST - INFO - "GET /static/js/ui/components/Toast.js HTTP/1.1" 200 1654
"GET /static/js/ui/components/AdminConsolePage.js HTTP/1.1" 200 16904
"GET /static/js/ui/components/LogViewerPage.js HTTP/1.1" 200 9883
2026-05-28 13:19:58 IST - INFO - "GET /static/js/ui/components/AdminConsolePage.js HTTP/1.1" 200 16904
2026-05-28 13:19:58 IST - INFO - "GET /static/js/ui/components/LogViewerPage.js HTTP/1.1" 200 9883
"GET /static/js/ui/components/StrategiesPage.js HTTP/1.1" 200 26378
2026-05-28 13:19:58 IST - INFO - "GET /static/js/ui/components/StrategiesPage.js HTTP/1.1" 200 26378
"GET /get_broker_details HTTP/1.1" 200 367
2026-05-28 13:19:58 IST - INFO - "GET /get_broker_details HTTP/1.1" 200 367
"GET /get_config_values HTTP/1.1" 200 902
2026-05-28 13:19:58 IST - INFO - "GET /get_config_values HTTP/1.1" 200 902
"POST /get_auth_token HTTP/1.1" 200 76
2026-05-28 13:19:58 IST - INFO - "POST /get_auth_token HTTP/1.1" 200 76
"GET /get_scalper_details HTTP/1.1" 200 206
2026-05-28 13:19:58 IST - INFO - "GET /get_scalper_details HTTP/1.1" 200 206
"GET /get_order_book_details HTTP/1.1" 200 100027
2026-05-28 13:19:58 IST - INFO - "GET /get_order_book_details HTTP/1.1" 200 100027
"GET /check_admin HTTP/1.1" 200 39
2026-05-28 13:19:58 IST - INFO - "GET /check_admin HTTP/1.1" 200 39
"GET /get_strategy_summary HTTP/1.1" 200 869
2026-05-28 13:19:58 IST - INFO - "GET /get_strategy_summary HTTP/1.1" 200 869
"GET /manual_details HTTP/1.1" 200 4019
2026-05-28 13:19:58 IST - INFO - "GET /manual_details HTTP/1.1" 200 4019
Method Not Allowed (POST): /get_log_details
2026-05-28 13:20:00 IST - WARNING - Method Not Allowed (POST): /get_log_details
"POST /get_log_details HTTP/1.1" 405 0
2026-05-28 13:20:00 IST - WARNING - "POST /get_log_details HTTP/1.1" 405 0
Method Not Allowed (POST): /get_log_details
2026-05-28 13:20:05 IST - WARNING - Method Not Allowed (POST): /get_log_details
"POST /get_log_details HTTP/1.1" 405 0
2026-05-28 13:20:05 IST - WARNING - "POST /get_log_details HTTP/1.1" 405 0
Method Not Allowed (POST): /get_log_details
2026-05-28 13:20:07 IST - WARNING - Method Not Allowed (POST): /get_log_details
"POST /get_log_details HTTP/1.1" 405 0
2026-05-28 13:20:07 IST - WARNING - "POST /get_log_details HTTP/1.1" 405 0
Method Not Allowed (POST): /get_log_details
2026-05-28 13:20:11 IST - WARNING - Method Not Allowed (POST): /get_log_details
"POST /get_log_details HTTP/1.1" 405 0
2026-05-28 13:20:11 IST - WARNING - "POST /get_log_details HTTP/1.1" 405 0
Method Not Allowed (POST): /get_log_details
2026-05-28 13:20:12 IST - WARNING - Method Not Allowed (POST): /get_log_details
"POST /get_log_details HTTP/1.1" 405 0
2026-05-28 13:20:12 IST - WARNING - "POST /get_log_details HTTP/1.1" 405 0
/home/madara/Documents/plutusAI_Informer/plutusAI/views.py changed, reloading.
2026-05-28 13:20:59 IST - INFO - /home/madara/Documents/plutusAI_Informer/plutusAI/views.py changed, reloading.
Watching for file changes with StatReloader
"GET /dashboard HTTP/1.1" 200 5214
2026-05-28 13:21:31 IST - INFO - "GET /dashboard HTTP/1.1" 200 5214
"GET /static/js/ui/index.js HTTP/1.1" 200 154
2026-05-28 13:21:31 IST - INFO - "GET /static/js/ui/index.js HTTP/1.1" 200 154
Not Found: /.well-known/appspecific/com.chrome.devtools.json
2026-05-28 13:21:31 IST - WARNING - Not Found: /.well-known/appspecific/com.chrome.devtools.json
"GET /.well-known/appspecific/com.chrome.devtools.json HTTP/1.1" 404 190
2026-05-28 13:21:31 IST - WARNING - "GET /.well-known/appspecific/com.chrome.devtools.json HTTP/1.1" 404 190
"GET /static/js/ui/App.js HTTP/1.1" 200 28652
2026-05-28 13:21:31 IST - INFO - "GET /static/js/ui/App.js HTTP/1.1" 200 28652
"GET /static/js/ui/utils/api.js HTTP/1.1" 200 1488
2026-05-28 13:21:31 IST - INFO - "GET /static/js/ui/utils/api.js HTTP/1.1" 200 1488
"GET /static/js/ui/components/icons.js HTTP/1.1" 200 7279
2026-05-28 13:21:31 IST - INFO - "GET /static/js/ui/components/icons.js HTTP/1.1" 200 7279
"GET /static/js/ui/components/StrategyTable.js HTTP/1.1" 200 2227
2026-05-28 13:21:31 IST - INFO - "GET /static/js/ui/components/StrategyTable.js HTTP/1.1" 200 2227
"GET /static/js/ui/components/OpenOrdersTable.js HTTP/1.1" 200 3350
2026-05-28 13:21:31 IST - INFO - "GET /static/js/ui/components/OpenOrdersTable.js HTTP/1.1" 200 3350
"GET /static/js/ui/components/HunterConfigCard.js HTTP/1.1" 200 4132
2026-05-28 13:21:31 IST - INFO - "GET /static/js/ui/components/HunterConfigCard.js HTTP/1.1" 200 4132
"GET /static/js/ui/components/SummaryCard.js HTTP/1.1" 200 983
2026-05-28 13:21:31 IST - INFO - "GET /static/js/ui/components/SummaryCard.js HTTP/1.1" 200 983
"GET /static/js/ui/components/OrderBookTable.js HTTP/1.1" 200 5884
2026-05-28 13:21:31 IST - INFO - "GET /static/js/ui/components/OrderBookTable.js HTTP/1.1" 200 5884
"GET /static/js/ui/components/EditHunterConfigModal.js HTTP/1.1" 200 5524
2026-05-28 13:21:31 IST - INFO - "GET /static/js/ui/components/EditHunterConfigModal.js HTTP/1.1" 200 5524
"GET /static/js/ui/components/ManualOrdersPageContent.js HTTP/1.1" 200 9333
2026-05-28 13:21:32 IST - INFO - "GET /static/js/ui/components/ManualOrdersPageContent.js HTTP/1.1" 200 9333
"GET /static/js/ui/components/BrokerInfoTable.js HTTP/1.1" 200 4377
2026-05-28 13:21:32 IST - INFO - "GET /static/js/ui/components/BrokerInfoTable.js HTTP/1.1" 200 4377
"GET /static/js/ui/components/EditScalperConfigModal.js HTTP/1.1" 200 4438
2026-05-28 13:21:32 IST - INFO - "GET /static/js/ui/components/EditScalperConfigModal.js HTTP/1.1" 200 4438
"GET /static/js/ui/components/ScalperConfigCard.js HTTP/1.1" 200 3909
2026-05-28 13:21:32 IST - INFO - "GET /static/js/ui/components/ScalperConfigCard.js HTTP/1.1" 200 3909
"GET /static/js/ui/components/EditBrokerInfoModal.js HTTP/1.1" 200 4972
2026-05-28 13:21:32 IST - INFO - "GET /static/js/ui/components/EditBrokerInfoModal.js HTTP/1.1" 200 4972
"GET /static/js/ui/components/Toast.js HTTP/1.1" 200 1654
2026-05-28 13:21:32 IST - INFO - "GET /static/js/ui/components/Toast.js HTTP/1.1" 200 1654
"GET /static/js/ui/components/TelegramSettingsPage.js HTTP/1.1" 200 6595
2026-05-28 13:21:32 IST - INFO - "GET /static/js/ui/components/TelegramSettingsPage.js HTTP/1.1" 200 6595
"GET /static/js/ui/components/LogViewerPage.js HTTP/1.1" 200 9883
2026-05-28 13:21:32 IST - INFO - "GET /static/js/ui/components/LogViewerPage.js HTTP/1.1" 200 9883
"GET /static/js/ui/components/AdminConsolePage.js HTTP/1.1" 200 16904
2026-05-28 13:21:32 IST - INFO - "GET /static/js/ui/components/AdminConsolePage.js HTTP/1.1" 200 16904
"GET /static/js/ui/components/StrategiesPage.js HTTP/1.1" 200 26378
2026-05-28 13:21:32 IST - INFO - "GET /static/js/ui/components/StrategiesPage.js HTTP/1.1" 200 26378
"GET /get_config_values HTTP/1.1" 200 902
2026-05-28 13:21:32 IST - INFO - "GET /get_config_values HTTP/1.1" 200 902
"GET /get_scalper_details HTTP/1.1" 200 206
2026-05-28 13:21:32 IST - INFO - "GET /get_scalper_details HTTP/1.1" 200 206
"GET /get_broker_details HTTP/1.1" 200 367
2026-05-28 13:21:32 IST - INFO - "GET /get_broker_details HTTP/1.1" 200 367
"GET /get_order_book_details HTTP/1.1" 200 100027
2026-05-28 13:21:32 IST - INFO - "GET /get_order_book_details HTTP/1.1" 200 100027
"POST /get_auth_token HTTP/1.1" 200 76
2026-05-28 13:21:32 IST - INFO - "POST /get_auth_token HTTP/1.1" 200 76
"GET /get_strategy_summary HTTP/1.1" 200 869
2026-05-28 13:21:32 IST - INFO - "GET /get_strategy_summary HTTP/1.1" 200 869
"GET /manual_details HTTP/1.1" 200 4019
2026-05-28 13:21:32 IST - INFO - "GET /manual_details HTTP/1.1" 200 4019
"GET /check_admin HTTP/1.1" 200 39
2026-05-28 13:21:32 IST - INFO - "GET /check_admin HTTP/1.1" 200 39
"POST /get_log_details HTTP/1.1" 200 33
2026-05-28 13:21:39 IST - INFO - "POST /get_log_details HTTP/1.1" 200 33
"POST /get_log_details HTTP/1.1" 200 61956
2026-05-28 13:21:47 IST - INFO - "POST /get_log_details HTTP/1.1" 200 61956
"POST /get_log_details HTTP/1.1" 200 10905
2026-05-28 13:21:53 IST - INFO - "POST /get_log_details HTTP/1.1" 200 10905
"GET /dashboard HTTP/1.1" 200 5214
2026-05-28 13:22:08 IST - INFO - "GET /dashboard HTTP/1.1" 200 5214
Not Found: /.well-known/appspecific/com.chrome.devtools.json
2026-05-28 13:22:08 IST - WARNING - Not Found: /.well-known/appspecific/com.chrome.devtools.json
"GET /.well-known/appspecific/com.chrome.devtools.json HTTP/1.1" 404 190
2026-05-28 13:22:08 IST - WARNING - "GET /.well-known/appspecific/com.chrome.devtools.json HTTP/1.1" 404 190
"GET /get_order_book_details HTTP/1.1" 200 100027
2026-05-28 13:22:08 IST - INFO - "GET /get_order_book_details HTTP/1.1" 200 100027
"GET /get_scalper_details HTTP/1.1" 200 206
2026-05-28 13:22:08 IST - INFO - "GET /get_scalper_details HTTP/1.1" 200 206
"GET /get_broker_details HTTP/1.1" 200 367
2026-05-28 13:22:08 IST - INFO - "GET /get_broker_details HTTP/1.1" 200 367
"GET /get_config_values HTTP/1.1" 200 902
2026-05-28 13:22:08 IST - INFO - "GET /get_config_values HTTP/1.1" 200 902
"POST /get_auth_token HTTP/1.1" 200 76
2026-05-28 13:22:08 IST - INFO - "POST /get_auth_token HTTP/1.1" 200 76
"GET /manual_details HTTP/1.1" 200 4019
2026-05-28 13:22:08 IST - INFO - "GET /manual_details HTTP/1.1" 200 4019
"GET /check_admin HTTP/1.1" 200 39
2026-05-28 13:22:08 IST - INFO - "GET /check_admin HTTP/1.1" 200 39
"GET /get_strategy_summary HTTP/1.1" 200 869
2026-05-28 13:22:08 IST - INFO - "GET /get_strategy_summary HTTP/1.1" 200 869
"POST /get_log_details HTTP/1.1" 200 33
2026-05-28 13:22:10 IST - INFO - "POST /get_log_details HTTP/1.1" 200 33
"GET /get_telegram_settings HTTP/1.1" 200 81
2026-05-28 13:24:15 IST - INFO - "GET /get_telegram_settings HTTP/1.1" 200 81
"GET /check_task_status HTTP/1.1" 200 79
2026-05-28 13:24:21 IST - INFO - "GET /check_task_status HTTP/1.1" 200 79
"GET /get_telegram_bot_config HTTP/1.1" 200 178
2026-05-28 13:24:21 IST - INFO - "GET /get_telegram_bot_config HTTP/1.1" 200 178
"GET /get_index_data HTTP/1.1" 200 846
2026-05-28 13:24:21 IST - INFO - "GET /get_index_data HTTP/1.1" 200 846
"GET /get_celery_status HTTP/1.1" 200 62
2026-05-28 13:24:21 IST - INFO - "GET /get_celery_status HTTP/1.1" 200 62
